[{pc:
   {pfs: [(! (x == 1.))];
    gamma: ;
    learned: [(! (1. <=# x)); (! (x <=# 0.)); (x <=# 1.)]};
  value: 0},
 {pc: {pfs: [(! (x == 1.))];
       gamma: ;
       learned: [(! (1. <=# x)); (x <=# 0.)]};
  value: -1},
 {pc:
   {pfs: [(! (x == 1.))];
    gamma: ;
    learned: [(! (2. <=# x)); (! (x <=# 0.)); (! (x <=# 1.)); (1. <=# x)]};
  value: 11},
 {pc:
   {pfs: [(! (x == 1.))];
    gamma: ;
    learned: [(! (x <=# 0.)); (! (x <=# 1.)); (1. <=# x); (2. <=# x)]};
  value: 12}]