In file included from <built-in>:446:
<command line>:17:9: warning: redefining builtin macro [-Wbuiltin-macro-redefined]
   17 | #define __STDC_NO_THREADS__ 1
      |         ^
1 warning generated.
In file included from <built-in>:446:
<command line>:17:9: warning: redefining builtin macro [-Wbuiltin-macro-redefined]
   17 | #define __STDC_NO_THREADS__ 1
      |         ^
1 warning generated.
In file included from <built-in>:446:
<command line>:17:9: warning: redefining builtin macro [-Wbuiltin-macro-redefined]
   17 | #define __STDC_NO_THREADS__ 1
      |         ^
1 warning generated.
In file included from <built-in>:446:
<command line>:17:9: warning: redefining builtin macro [-Wbuiltin-macro-redefined]
   17 | #define __STDC_NO_THREADS__ 1
      |         ^
1 warning generated.
In file included from <built-in>:446:
<command line>:17:9: warning: redefining builtin macro [-Wbuiltin-macro-redefined]
   17 | #define __STDC_NO_THREADS__ 1
      |         ^
1 warning generated.
In file included from <built-in>:446:
<command line>:17:9: warning: redefining builtin macro [-Wbuiltin-macro-redefined]
   17 | #define __STDC_NO_THREADS__ 1
      |         ^
1 warning generated.
In file included from <built-in>:446:
<command line>:17:9: warning: redefining builtin macro [-Wbuiltin-macro-redefined]
   17 | #define __STDC_NO_THREADS__ 1
      |         ^
1 warning generated.
In file included from <built-in>:446:
<command line>:17:9: warning: redefining builtin macro [-Wbuiltin-macro-redefined]
   17 | #define __STDC_NO_THREADS__ 1
      |         ^
1 warning generated.
In file included from <built-in>:446:
<command line>:17:9: warning: redefining builtin macro [-Wbuiltin-macro-redefined]
   17 | #define __STDC_NO_THREADS__ 1
      |         ^
1 warning generated.
In file included from <built-in>:446:
<command line>:17:9: warning: redefining builtin macro [-Wbuiltin-macro-redefined]
   17 | #define __STDC_NO_THREADS__ 1
      |         ^
1 warning generated.
